print-type-size type: `IndirectNonZero<u32>`: 40 bytes, alignment: 8 bytes
print-type-size     field `.pre`: 8 bytes
print-type-size     field `.nested`: 24 bytes
print-type-size     field `.post`: 8 bytes
print-type-size type: `MyOption<IndirectNonZero<u32>>`: 40 bytes, alignment: 8 bytes
print-type-size     variant `Some`: 40 bytes
print-type-size         field `.0`: 40 bytes
print-type-size type: `EmbeddedDiscr`: 24 bytes, alignment: 8 bytes
print-type-size     variant `Record`: 24 bytes
print-type-size         field `.pre`: 8 bytes
print-type-size         field `.val`: 8 bytes
print-type-size         field `.post`: 8 bytes
print-type-size type: `NestedNonZero<u32>`: 24 bytes, alignment: 8 bytes
print-type-size     field `.pre`: 8 bytes
print-type-size     field `.val`: 4 bytes
print-type-size     padding bytes: 4
print-type-size     field `.post`: 8 bytes, alignment: 8 bytes
print-type-size type: `MyOption<core::nonzero::NonZero<u64>>`: 8 bytes, alignment: 8 bytes
print-type-size     variant `Some`: 8 bytes
print-type-size         field `.0`: 8 bytes
print-type-size type: `core::nonzero::NonZero<u64>`: 8 bytes, alignment: 8 bytes
print-type-size     field `.0`: 8 bytes
print-type-size type: `core::nonzero::NonZero<u32>`: 4 bytes, alignment: 4 bytes
print-type-size     field `.0`: 4 bytes
