print-type-size type: `E1`: 24 bytes, alignment: 8 bytes
print-type-size     discriminant: 4 bytes
print-type-size     variant `A`: 16 bytes
print-type-size         padding bytes: 4
print-type-size         field `.0`: 8 bytes, alignment: 8 bytes
print-type-size         field `.1`: 4 bytes
print-type-size     variant `B`: 8 bytes
print-type-size         field `.0`: 8 bytes
print-type-size     end padding bytes: 4
print-type-size type: `E2`: 16 bytes, alignment: 8 bytes
print-type-size     discriminant: 4 bytes
print-type-size     variant `A`: 12 bytes
print-type-size         field `.0`: 4 bytes
print-type-size         field `.1`: 8 bytes
print-type-size     variant `B`: 8 bytes
print-type-size         field `.0`: 8 bytes
print-type-size type: `S`: 8 bytes, alignment: 4 bytes
print-type-size     field `.a`: 1 bytes
print-type-size     field `.b`: 1 bytes
print-type-size     padding bytes: 2
print-type-size     field `.g`: 4 bytes, alignment: 4 bytes
